🔥 UNIFIED PATTERN API - ALL THE SAUCE!
Combining ALL pattern systems for maximum edge
================================================================================

📊 Loaded Pattern Systems:
  Ultimate Patterns: 8 patterns (avg ROI +31.8%)
  Mega Patterns: 10 patterns (avg ROI +20.4%)
  Quantum Patterns: 6 patterns (avg ROI +73.6%)
  TOTAL: 24 patterns across all dimensions!

✅ Unified Pattern API running on port 3336
Endpoints:
  GET  /health
  POST /api/unified/analyze
  GET  /api/unified/scan
  GET  /api/unified/top-plays
  GET  /api/unified/stats
  GET  /api/unified/live

💰 UNIFIED SAUCE READY!
Average ROI across all patterns: +41.9%
Best single pattern: Fatigue Cascade (+92.3%)
Total patterns available: 24

🚀 START PRINTING MONEY WITH ALL PATTERNS!
🔍 Analyzing game 1752320158723...
🔍 Analyzing game 1752320159702...
🔍 Analyzing game 1752320159178...
🔍 Analyzing game 1752320159133...
🔍 Analyzing game 1752320158960...
🔍 Analyzing game 1752320158625...
🔍 Analyzing game 1752320159384...
🔍 Analyzing game 1752320159567...
🔍 Analyzing game 1752320159757...
🔍 Analyzing game 1752320158884...
🔍 Analyzing game 1752320159208...
🔍 Analyzing game 1752320158842...
🔍 Analyzing game 1752320158806...
🔍 Analyzing game 1752320158865...
🔍 Analyzing game 1752320159920...
🔍 Analyzing game 1752320158784...
🔍 Analyzing game 1752320159735...
🔍 Analyzing game 1752320159700...
🔍 Analyzing game 1752320158706...
🔍 Analyzing game 1752320159876...
🔍 Analyzing game 1752320158750...
🔍 Analyzing game 1752320159034...
🔍 Analyzing game 1752320159705...
🔍 Analyzing game 1752320159745...
🔍 Analyzing game 1752320159551...
🔍 Analyzing game 1752320159565...
🔍 Analyzing game 1752320159587...
🔍 Analyzing game 1752320158875...
🔍 Analyzing game 1752320159427...
🔍 Analyzing game 1752320159140...
🔍 Analyzing game 1752320159381...
🔍 Analyzing game 1752320159758...
🔍 Analyzing game 1752320159689...
🔍 Analyzing game 1752320158862...
🔍 Analyzing game 1752320158812...
🔍 Analyzing game 1752320158879...
🔍 Analyzing game 1752320159564...
🔍 Analyzing game 1752320158972...
🔍 Analyzing game 1752320159471...
🔍 Analyzing game 1752320159899...
🔍 Analyzing game 1752320159079...
🔍 Analyzing game 1752320159436...
🔍 Analyzing game 1752320158924...
🔍 Analyzing game 1752320159154...
🔍 Analyzing game 1752320158864...
🔍 Analyzing game 1752320159066...
🔍 Analyzing game 1752320159282...
🔍 Analyzing game 1752320159204...
🔍 Analyzing game 1752320158955...
🔍 Analyzing game 1752320159712...
🔍 Analyzing game 1752320159421...
🔍 Analyzing game 1752320159485...
🔍 Analyzing game 1752320159522...
🔍 Analyzing game 1752320159464...
🔍 Analyzing game 1752320159425...
🔍 Analyzing game 1752320158959...
🔍 Analyzing game 1752320158799...
🔍 Analyzing game 1752320159484...
🔍 Analyzing game 1752320159826...
🔍 Analyzing game 1752320158938...
🔍 Analyzing game 1752320159715...
🔍 Analyzing game 1752320159867...
🔍 Analyzing game 1752320159771...
🔍 Analyzing game 1752320159538...
🔍 Analyzing game 1752320159253...
🔍 Analyzing game 1752320158662...
🔍 Analyzing game 1752320159363...
🔍 Analyzing game 1752320159403...
🔍 Analyzing game 1752320159664...
🔍 Analyzing game 1752320159752...
🔍 Analyzing game 1752320159523...
🔍 Analyzing game 1752320159626...
🔍 Analyzing game 1752320158818...
🔍 Analyzing game 1752320158931...
🔍 Analyzing game 1752320159749...
🔍 Analyzing game 1752320158776...
🔍 Analyzing game 1752320159588...
🔍 Analyzing game 1752320159591...
🔍 Analyzing game 1752320159805...
🔍 Analyzing game 1752320159139...
🔍 Analyzing game 1752320159093...
🔍 Analyzing game 1752320159894...
🔍 Analyzing game 1752320159861...
🔍 Analyzing game 1752320159721...
🔍 Analyzing game 1752320158753...
🔍 Analyzing game 1752320159825...
🔍 Analyzing game 1752320158935...
🔍 Analyzing game 1752320158893...
🔍 Analyzing game 1752320158941...
🔍 Analyzing game 1752320159262...
🔍 Analyzing game 1752320159380...
🔍 Analyzing game 1752320159612...
🔍 Analyzing game 1752320159888...
🔍 Analyzing game 1752320159091...
🔍 Analyzing game 1752320158708...
🔍 Analyzing game 1752320159814...
🔍 Analyzing game 1752320159212...
🔍 Analyzing game 1752320159763...
🔍 Analyzing game 1752320159033...
🔍 Analyzing game 1752320159053...
🔍 Analyzing game 1752320158723...
🔍 Analyzing game 1752320159702...
🔍 Analyzing game 1752320159178...
🔍 Analyzing game 1752320159133...
🔍 Analyzing game 1752320158960...
🔍 Analyzing game 1752320158625...
🔍 Analyzing game 1752320159384...
🔍 Analyzing game 1752320159567...
🔍 Analyzing game 1752320159757...
🔍 Analyzing game 1752320158884...
🔍 Analyzing game 1752320159208...
🔍 Analyzing game 1752320158842...
🔍 Analyzing game 1752320158806...
🔍 Analyzing game 1752320158865...
🔍 Analyzing game 1752320159920...
🔍 Analyzing game 1752320158784...
🔍 Analyzing game 1752320159735...
🔍 Analyzing game 1752320159700...
🔍 Analyzing game 1752320158706...
🔍 Analyzing game 1752320159876...
🔍 Analyzing game 1752320158750...
🔍 Analyzing game 1752320159034...
🔍 Analyzing game 1752320159705...
🔍 Analyzing game 1752320159745...
🔍 Analyzing game 1752320159551...
🔍 Analyzing game 1752320159565...
🔍 Analyzing game 1752320159587...
🔍 Analyzing game 1752320158875...
🔍 Analyzing game 1752320159427...
🔍 Analyzing game 1752320159140...
🔍 Analyzing game 1752320159381...
🔍 Analyzing game 1752320159758...
🔍 Analyzing game 1752320159689...
🔍 Analyzing game 1752320158862...
🔍 Analyzing game 1752320158812...
🔍 Analyzing game 1752320158879...
🔍 Analyzing game 1752320159564...
🔍 Analyzing game 1752320158972...
🔍 Analyzing game 1752320159471...
🔍 Analyzing game 1752320159899...
🔍 Analyzing game 1752320159079...
🔍 Analyzing game 1752320159436...
🔍 Analyzing game 1752320158924...
🔍 Analyzing game 1752320159154...
🔍 Analyzing game 1752320158864...
🔍 Analyzing game 1752320159066...
🔍 Analyzing game 1752320159282...
🔍 Analyzing game 1752320159204...
🔍 Analyzing game 1752320158955...
🔍 Analyzing game 1752320159712...
🔍 Analyzing game 1752320159421...
🔍 Analyzing game 1752320159485...
🔍 Analyzing game 1752320159522...
🔍 Analyzing game 1752320159464...
🔍 Analyzing game 1752320159425...
🔍 Analyzing game 1752320158959...
🔍 Analyzing game 1752320158799...
🔍 Analyzing game 1752320159484...
🔍 Analyzing game 1752320159826...
🔍 Analyzing game 1752320158938...
🔍 Analyzing game 1752320159715...
🔍 Analyzing game 1752320159867...
🔍 Analyzing game 1752320159771...
🔍 Analyzing game 1752320159538...
🔍 Analyzing game 1752320159253...
🔍 Analyzing game 1752320158662...
🔍 Analyzing game 1752320159363...
🔍 Analyzing game 1752320159403...
🔍 Analyzing game 1752320159664...
🔍 Analyzing game 1752320159752...
🔍 Analyzing game 1752320159523...
🔍 Analyzing game 1752320159626...
🔍 Analyzing game 1752320158818...
🔍 Analyzing game 1752320158931...
🔍 Analyzing game 1752320159749...
🔍 Analyzing game 1752320158776...
🔍 Analyzing game 1752320159588...
🔍 Analyzing game 1752320159591...
🔍 Analyzing game 1752320159805...
🔍 Analyzing game 1752320159139...
🔍 Analyzing game 1752320159093...
🔍 Analyzing game 1752320159894...
🔍 Analyzing game 1752320159861...
🔍 Analyzing game 1752320159721...
🔍 Analyzing game 1752320158753...
🔍 Analyzing game 1752320159825...
🔍 Analyzing game 1752320158935...
🔍 Analyzing game 1752320158893...
🔍 Analyzing game 1752320158941...
🔍 Analyzing game 1752320159262...
🔍 Analyzing game 1752320159380...
🔍 Analyzing game 1752320159612...
🔍 Analyzing game 1752320159888...
🔍 Analyzing game 1752320159091...
🔍 Analyzing game 1752320158708...
🔍 Analyzing game 1752320159814...
🔍 Analyzing game 1752320159212...
🔍 Analyzing game 1752320159763...
🔍 Analyzing game 1752320159033...
🔍 Analyzing game 1752320159053...
