2025-07-14 12:33:31.316738: I tensorflow/core/util/util.cc:169] oneDNN custom operations are on. You may see slightly different numerical results due to floating-point round-off errors from different computation orders. To turn them off, set the environment variable `TF_ENABLE_ONEDNN_OPTS=0`.
2025-07-14 12:33:32.011493: W tensorflow/stream_executor/platform/default/dso_loader.cc:64] Could not load dynamic library 'libcudart.so.11.0'; dlerror: libcudart.so.11.0: cannot open shared object file: No such file or directory; LD_LIBRARY_PATH: /usr/local/cuda-11.8/lib64:
2025-07-14 12:33:32.011822: I tensorflow/stream_executor/cuda/cudart_stub.cc:29] Ignore above cudart dlerror if you do not have a GPU set up on your machine.
2025-07-14 12:33:33.615722: I tensorflow/core/platform/cpu_feature_guard.cc:193] This TensorFlow binary is optimized with oneAPI Deep Neural Network Library (oneDNN) to use the following CPU instructions in performance-critical operations:  AVX2 AVX512F AVX512_VNNI AVX512_BF16 FMA
To enable them in other operations, rebuild TensorFlow with the appropriate compiler flags.
2025-07-14 12:33:33.808728: I tensorflow/stream_executor/cuda/cuda_gpu_executor.cc:961] could not open file to read NUMA node: /sys/bus/pci/devices/0000:01:00.0/numa_node
Your kernel may have been built without NUMA support.
2025-07-14 12:33:33.809989: W tensorflow/stream_executor/platform/default/dso_loader.cc:64] Could not load dynamic library 'libcudart.so.11.0'; dlerror: libcudart.so.11.0: cannot open shared object file: No such file or directory; LD_LIBRARY_PATH: /usr/local/cuda-11.8/lib64:
2025-07-14 12:33:33.811432: W tensorflow/stream_executor/platform/default/dso_loader.cc:64] Could not load dynamic library 'libcublas.so.11'; dlerror: libcublas.so.11: cannot open shared object file: No such file or directory; LD_LIBRARY_PATH: /usr/local/cuda-11.8/lib64:
2025-07-14 12:33:33.812841: W tensorflow/stream_executor/platform/default/dso_loader.cc:64] Could not load dynamic library 'libcublasLt.so.11'; dlerror: libcublasLt.so.11: cannot open shared object file: No such file or directory; LD_LIBRARY_PATH: /usr/local/cuda-11.8/lib64:
2025-07-14 12:33:33.814190: W tensorflow/stream_executor/platform/default/dso_loader.cc:64] Could not load dynamic library 'libcufft.so.10'; dlerror: libcufft.so.10: cannot open shared object file: No such file or directory; LD_LIBRARY_PATH: /usr/local/cuda-11.8/lib64:
2025-07-14 12:33:33.815261: W tensorflow/stream_executor/platform/default/dso_loader.cc:64] Could not load dynamic library 'libcurand.so.10'; dlerror: libcurand.so.10: cannot open shared object file: No such file or directory; LD_LIBRARY_PATH: /usr/local/cuda-11.8/lib64:
2025-07-14 12:33:33.816311: W tensorflow/stream_executor/platform/default/dso_loader.cc:64] Could not load dynamic library 'libcusolver.so.11'; dlerror: libcusolver.so.11: cannot open shared object file: No such file or directory; LD_LIBRARY_PATH: /usr/local/cuda-11.8/lib64:
2025-07-14 12:33:33.817476: W tensorflow/stream_executor/platform/default/dso_loader.cc:64] Could not load dynamic library 'libcusparse.so.11'; dlerror: libcusparse.so.11: cannot open shared object file: No such file or directory; LD_LIBRARY_PATH: /usr/local/cuda-11.8/lib64:
2025-07-14 12:33:33.818541: W tensorflow/stream_executor/platform/default/dso_loader.cc:64] Could not load dynamic library 'libcudnn.so.8'; dlerror: libcudnn.so.8: cannot open shared object file: No such file or directory; LD_LIBRARY_PATH: /usr/local/cuda-11.8/lib64:
2025-07-14 12:33:33.818885: W tensorflow/core/common_runtime/gpu/gpu_device.cc:1850] Cannot dlopen some GPU libraries. Please make sure the missing libraries mentioned above are installed properly if you would like to use GPU. Follow the guide at https://www.tensorflow.org/install/gpu for how to download and setup the required libraries for your platform.
Skipping registering GPU devices...

🧠 RTX 4060 + RYZEN 5 7600X AI SYSTEM
=====================================

🖥️  CPU: 12 cores detected (Ryzen 5 7600X)
💾 RAM: 15GB available
🚀 GPU: RTX 4060 CUDA acceleration enabled

✅ Loaded model v1 (Accuracy: 66.67%)
📊 Experience: 12 predictions, 0 learning cycles
🔧 Multi-threading enabled: 6 worker threads
✅ Continuous Learning AI initialized!

🎯 The AI will:
   1. Make predictions on games
   2. Track actual results
   3. Learn from mistakes
   4. Retrain automatically
   5. Get smarter over time!


🔮 Starting learning cycle...

🎯 Game: 801763 vs 801760
   Prediction: 50.3% home win
   Confidence: 0.5%
💾 Model v1 saved
   Result: ❌ Wrong (actual: 0)

🎯 Game: 801771 vs 801781
   Prediction: 49.5% home win
   Confidence: 1.0%
💾 Model v1 saved
   Result: ❌ Wrong (actual: 1)

🎯 Game: 801821 vs 801762
   Prediction: 50.1% home win
   Confidence: 0.1%
💾 Model v1 saved
   Result: ❌ Wrong (actual: 0)

🎯 Game: 801789 vs 802413
   Prediction: 50.4% home win
   Confidence: 0.8%
💾 Model v1 saved
   Result: ✅ Correct (actual: 1)

🎯 Game: 801771 vs 802295
   Prediction: 50.7% home win
   Confidence: 1.4%
💾 Model v1 saved
   Result: ✅ Correct (actual: 1)

🎯 Game: 801754 vs 804341
   Prediction: 49.8% home win
   Confidence: 0.5%
💾 Model v1 saved
   Result: ✅ Correct (actual: 0)

🎯 Game: 801842 vs 801802
   Prediction: 50.3% home win
   Confidence: 0.7%
💾 Model v1 saved
   Result: ✅ Correct (actual: 1)

🎯 Game: 801802 vs 801817
   Prediction: 24.2% home win
   Confidence: 51.5%
💾 Model v1 saved
   Result: ❌ Wrong (actual: 1)

🎯 Game: 802274 vs 801796
   Prediction: 50.3% home win
   Confidence: 0.5%
💾 Model v1 saved
   Result: ❌ Wrong (actual: 0)

🎯 Game: 802295 vs 802021
   Prediction: 49.7% home win
   Confidence: 0.7%
💾 Model v1 saved
   Result: ❌ Wrong (actual: 1)

📊 Model Stats: v1, 54.55% accuracy, 22 predictions
🚀 Starting continuous learning loop...


🔮 Starting learning cycle...

🎯 Game: 801763 vs 801760
   Prediction: 50.3% home win
   Confidence: 0.5%
💾 Model v1 saved
   Result: ❌ Wrong (actual: 0)

🎯 Game: 801771 vs 801781
   Prediction: 49.5% home win
   Confidence: 1.0%
💾 Model v1 saved
   Result: ❌ Wrong (actual: 1)

🎯 Game: 801821 vs 801762
   Prediction: 50.0% home win
   Confidence: 0.1%
💾 Model v1 saved
   Result: ❌ Wrong (actual: 0)

🎯 Game: 801789 vs 802413
   Prediction: 50.4% home win
   Confidence: 0.8%
💾 Model v1 saved
   Result: ✅ Correct (actual: 1)

🎯 Game: 801771 vs 802295
   Prediction: 50.7% home win
   Confidence: 1.4%
💾 Model v1 saved
   Result: ✅ Correct (actual: 1)

🎯 Game: 801754 vs 804341
   Prediction: 49.8% home win
   Confidence: 0.5%
💾 Model v1 saved
   Result: ✅ Correct (actual: 0)

🎯 Game: 801842 vs 801802
   Prediction: 50.3% home win
   Confidence: 0.7%
💾 Model v1 saved
   Result: ✅ Correct (actual: 1)

🎯 Game: 801802 vs 801817
   Prediction: 24.2% home win
   Confidence: 51.5%
💾 Model v1 saved
   Result: ❌ Wrong (actual: 1)

🎯 Game: 802274 vs 801796
   Prediction: 50.3% home win
   Confidence: 0.5%
💾 Model v1 saved
   Result: ❌ Wrong (actual: 0)

🎯 Game: 802295 vs 802021
   Prediction: 49.7% home win
   Confidence: 0.7%
💾 Model v1 saved
   Result: ❌ Wrong (actual: 1)

📊 Model Stats: v1, 50.00% accuracy, 32 predictions
⏳ Waiting 2 minutes before next learning cycle...


🔮 Starting learning cycle...

🎯 Game: 801763 vs 801760
   Prediction: 50.3% home win
   Confidence: 0.5%
💾 Model v1 saved
   Result: ❌ Wrong (actual: 0)

🎯 Game: 801771 vs 801781
   Prediction: 49.5% home win
   Confidence: 1.0%
💾 Model v1 saved
   Result: ❌ Wrong (actual: 1)

🎯 Game: 801821 vs 801762
   Prediction: 50.0% home win
   Confidence: 0.1%
💾 Model v1 saved
   Result: ❌ Wrong (actual: 0)

🎯 Game: 801789 vs 802413
   Prediction: 50.4% home win
   Confidence: 0.8%
💾 Model v1 saved
   Result: ✅ Correct (actual: 1)

🎯 Game: 801771 vs 802295
   Prediction: 50.7% home win
   Confidence: 1.4%
💾 Model v1 saved
   Result: ✅ Correct (actual: 1)

🎯 Game: 801754 vs 804341
   Prediction: 49.8% home win
   Confidence: 0.5%
💾 Model v1 saved
   Result: ✅ Correct (actual: 0)

🎯 Game: 801842 vs 801802
   Prediction: 50.3% home win
   Confidence: 0.7%
💾 Model v1 saved
   Result: ✅ Correct (actual: 1)

🎯 Game: 801802 vs 801817
   Prediction: 24.2% home win
   Confidence: 51.5%
💾 Model v1 saved
   Result: ❌ Wrong (actual: 1)

🎯 Game: 802274 vs 801796
   Prediction: 50.3% home win
   Confidence: 0.5%
💾 Model v1 saved
   Result: ❌ Wrong (actual: 0)

🎯 Game: 802295 vs 802021
   Prediction: 49.7% home win
   Confidence: 0.7%
💾 Model v1 saved
   Result: ❌ Wrong (actual: 1)

📊 Model Stats: v1, 47.62% accuracy, 42 predictions
⏳ Waiting 2 minutes before next learning cycle...


🔮 Starting learning cycle...

🎯 Game: 801763 vs 801760
   Prediction: 50.3% home win
   Confidence: 0.5%
💾 Model v1 saved
   Result: ❌ Wrong (actual: 0)

🎯 Game: 801771 vs 801781
   Prediction: 49.5% home win
   Confidence: 1.0%
💾 Model v1 saved
   Result: ❌ Wrong (actual: 1)

🎯 Game: 801821 vs 801762
   Prediction: 50.1% home win
   Confidence: 0.1%
💾 Model v1 saved
   Result: ❌ Wrong (actual: 0)

🎯 Game: 801789 vs 802413
   Prediction: 50.4% home win
   Confidence: 0.8%
💾 Model v1 saved
   Result: ✅ Correct (actual: 1)

🎯 Game: 801771 vs 802295
   Prediction: 50.7% home win
   Confidence: 1.4%
💾 Model v1 saved
   Result: ✅ Correct (actual: 1)

🎯 Game: 801754 vs 804341
   Prediction: 49.8% home win
   Confidence: 0.5%
💾 Model v1 saved
   Result: ✅ Correct (actual: 0)

🎯 Game: 801842 vs 801802
   Prediction: 50.3% home win
   Confidence: 0.7%
💾 Model v1 saved
   Result: ✅ Correct (actual: 1)

🎯 Game: 801802 vs 801817
   Prediction: 24.2% home win
   Confidence: 51.5%
💾 Model v1 saved
   Result: ❌ Wrong (actual: 1)

🎯 Game: 802274 vs 801796
   Prediction: 50.3% home win
   Confidence: 0.5%
💾 Model v1 saved
   Result: ❌ Wrong (actual: 0)

🎯 Game: 802295 vs 802021
   Prediction: 49.7% home win
   Confidence: 0.7%
💾 Model v1 saved
   Result: ❌ Wrong (actual: 1)

📊 Model Stats: v1, 46.15% accuracy, 52 predictions
⏳ Waiting 2 minutes before next learning cycle...


🔮 Starting learning cycle...

🎯 Game: 801763 vs 801760
   Prediction: 50.3% home win
   Confidence: 0.5%
💾 Model v1 saved
   Result: ❌ Wrong (actual: 0)

🎯 Game: 801771 vs 801781
   Prediction: 49.5% home win
   Confidence: 1.0%
💾 Model v1 saved
   Result: ❌ Wrong (actual: 1)

🎯 Game: 801821 vs 801762
   Prediction: 50.1% home win
   Confidence: 0.1%
💾 Model v1 saved
   Result: ❌ Wrong (actual: 0)

🎯 Game: 801789 vs 802413
   Prediction: 50.4% home win
   Confidence: 0.8%
💾 Model v1 saved
   Result: ✅ Correct (actual: 1)

🎯 Game: 801771 vs 802295
   Prediction: 50.7% home win
   Confidence: 1.4%
💾 Model v1 saved
   Result: ✅ Correct (actual: 1)

🎯 Game: 801754 vs 804341
   Prediction: 49.8% home win
   Confidence: 0.5%
💾 Model v1 saved
   Result: ✅ Correct (actual: 0)

🎯 Game: 801842 vs 801802
   Prediction: 50.3% home win
   Confidence: 0.7%
💾 Model v1 saved
   Result: ✅ Correct (actual: 1)

🎯 Game: 801802 vs 801817
   Prediction: 24.2% home win
   Confidence: 51.5%
💾 Model v1 saved
   Result: ❌ Wrong (actual: 1)

🎯 Game: 802274 vs 801796
   Prediction: 50.3% home win
   Confidence: 0.5%
💾 Model v1 saved
   Result: ❌ Wrong (actual: 0)

🎯 Game: 802295 vs 802021
   Prediction: 49.7% home win
   Confidence: 0.7%
💾 Model v1 saved
   Result: ❌ Wrong (actual: 1)

📊 Model Stats: v1, 45.16% accuracy, 62 predictions
⏳ Waiting 2 minutes before next learning cycle...


🔮 Starting learning cycle...

🎯 Game: 801763 vs 801760
   Prediction: 50.3% home win
   Confidence: 0.5%
💾 Model v1 saved
   Result: ❌ Wrong (actual: 0)

🎯 Game: 801771 vs 801781
   Prediction: 49.5% home win
   Confidence: 1.0%
💾 Model v1 saved
   Result: ❌ Wrong (actual: 1)

🎯 Game: 801821 vs 801762
   Prediction: 50.0% home win
   Confidence: 0.1%
💾 Model v1 saved
   Result: ❌ Wrong (actual: 0)

🎯 Game: 801789 vs 802413
   Prediction: 50.4% home win
   Confidence: 0.8%
💾 Model v1 saved
   Result: ✅ Correct (actual: 1)

🎯 Game: 801771 vs 802295
   Prediction: 50.7% home win
   Confidence: 1.4%
💾 Model v1 saved
   Result: ✅ Correct (actual: 1)

🎯 Game: 801754 vs 804341
   Prediction: 49.8% home win
   Confidence: 0.5%
💾 Model v1 saved
   Result: ✅ Correct (actual: 0)

🎯 Game: 801842 vs 801802
   Prediction: 50.3% home win
   Confidence: 0.7%
💾 Model v1 saved
   Result: ✅ Correct (actual: 1)

🎯 Game: 801802 vs 801817
   Prediction: 24.2% home win
   Confidence: 51.5%
💾 Model v1 saved
   Result: ❌ Wrong (actual: 1)

🎯 Game: 802274 vs 801796
   Prediction: 50.3% home win
   Confidence: 0.5%
💾 Model v1 saved
   Result: ❌ Wrong (actual: 0)

🎯 Game: 802295 vs 802021
   Prediction: 49.7% home win
   Confidence: 0.7%
💾 Model v1 saved
   Result: ❌ Wrong (actual: 1)

📊 Model Stats: v1, 44.44% accuracy, 72 predictions
⏳ Waiting 2 minutes before next learning cycle...


🔮 Starting learning cycle...

🎯 Game: 801763 vs 801760
   Prediction: 50.3% home win
   Confidence: 0.5%
💾 Model v1 saved
   Result: ❌ Wrong (actual: 0)

🎯 Game: 801771 vs 801781
   Prediction: 49.5% home win
   Confidence: 1.0%
💾 Model v1 saved
   Result: ❌ Wrong (actual: 1)

🎯 Game: 801821 vs 801762
   Prediction: 50.0% home win
   Confidence: 0.1%
💾 Model v1 saved
   Result: ❌ Wrong (actual: 0)

🎯 Game: 801789 vs 802413
   Prediction: 50.4% home win
   Confidence: 0.8%
💾 Model v1 saved
   Result: ✅ Correct (actual: 1)

🎯 Game: 801771 vs 802295
   Prediction: 50.7% home win
   Confidence: 1.4%
💾 Model v1 saved
   Result: ✅ Correct (actual: 1)

🎯 Game: 801754 vs 804341
   Prediction: 49.8% home win
   Confidence: 0.5%
💾 Model v1 saved
   Result: ✅ Correct (actual: 0)

🎯 Game: 801842 vs 801802
   Prediction: 50.3% home win
   Confidence: 0.7%
💾 Model v1 saved
   Result: ✅ Correct (actual: 1)

🎯 Game: 801802 vs 801817
   Prediction: 24.2% home win
   Confidence: 51.5%
💾 Model v1 saved
   Result: ❌ Wrong (actual: 1)

🎯 Game: 802274 vs 801796
   Prediction: 50.3% home win
   Confidence: 0.5%
💾 Model v1 saved
   Result: ❌ Wrong (actual: 0)

🎯 Game: 802295 vs 802021
   Prediction: 49.7% home win
   Confidence: 0.7%
💾 Model v1 saved
   Result: ❌ Wrong (actual: 1)

📊 Model Stats: v1, 43.90% accuracy, 82 predictions
⏳ Waiting 2 minutes before next learning cycle...


🔮 Starting learning cycle...

🎯 Game: 801763 vs 801760
   Prediction: 50.3% home win
   Confidence: 0.5%
💾 Model v1 saved
   Result: ❌ Wrong (actual: 0)

🎯 Game: 801771 vs 801781
   Prediction: 49.5% home win
   Confidence: 1.0%
💾 Model v1 saved
   Result: ❌ Wrong (actual: 1)

🎯 Game: 801821 vs 801762
   Prediction: 50.0% home win
   Confidence: 0.1%
💾 Model v1 saved
   Result: ❌ Wrong (actual: 0)

🎯 Game: 801789 vs 802413
   Prediction: 50.4% home win
   Confidence: 0.8%
💾 Model v1 saved
   Result: ✅ Correct (actual: 1)

🎯 Game: 801771 vs 802295
   Prediction: 50.7% home win
   Confidence: 1.4%
💾 Model v1 saved
   Result: ✅ Correct (actual: 1)

🎯 Game: 801754 vs 804341
   Prediction: 49.8% home win
   Confidence: 0.5%
💾 Model v1 saved
   Result: ✅ Correct (actual: 0)

🎯 Game: 801842 vs 801802
   Prediction: 50.3% home win
   Confidence: 0.7%
💾 Model v1 saved
   Result: ✅ Correct (actual: 1)

🎯 Game: 801802 vs 801817
   Prediction: 24.2% home win
   Confidence: 51.5%
💾 Model v1 saved
   Result: ❌ Wrong (actual: 1)

🎯 Game: 802274 vs 801796
   Prediction: 50.3% home win
   Confidence: 0.5%
💾 Model v1 saved
   Result: ❌ Wrong (actual: 0)

🎯 Game: 802295 vs 802021
   Prediction: 49.7% home win
   Confidence: 0.7%
💾 Model v1 saved
   Result: ❌ Wrong (actual: 1)

📊 Model Stats: v1, 43.48% accuracy, 92 predictions
⏳ Waiting 2 minutes before next learning cycle...


🔮 Starting learning cycle...

🎯 Game: 801763 vs 801760
   Prediction: 50.3% home win
   Confidence: 0.5%
💾 Model v1 saved
   Result: ❌ Wrong (actual: 0)

🎯 Game: 801771 vs 801781
   Prediction: 49.5% home win
   Confidence: 1.0%
💾 Model v1 saved
   Result: ❌ Wrong (actual: 1)

🎯 Game: 801821 vs 801762
   Prediction: 50.0% home win
   Confidence: 0.1%
💾 Model v1 saved
   Result: ❌ Wrong (actual: 0)

🎯 Game: 801789 vs 802413
   Prediction: 50.4% home win
   Confidence: 0.8%
💾 Model v1 saved
   Result: ✅ Correct (actual: 1)

🎯 Game: 801771 vs 802295
   Prediction: 50.7% home win
   Confidence: 1.4%
💾 Model v1 saved
   Result: ✅ Correct (actual: 1)

🎯 Game: 801754 vs 804341
   Prediction: 49.8% home win
   Confidence: 0.5%
💾 Model v1 saved
   Result: ✅ Correct (actual: 0)

🎯 Game: 801842 vs 801802
   Prediction: 50.3% home win
   Confidence: 0.7%
💾 Model v1 saved
   Result: ✅ Correct (actual: 1)

🎯 Game: 801802 vs 801817
   Prediction: 24.2% home win
   Confidence: 51.5%
💾 Model v1 saved
   Result: ❌ Wrong (actual: 1)

🎯 Game: 802274 vs 801796
   Prediction: 50.3% home win
   Confidence: 0.5%
💾 Model v1 saved
   Result: ❌ Wrong (actual: 0)

🎯 Game: 802295 vs 802021
   Prediction: 49.7% home win
   Confidence: 0.7%
💾 Model v1 saved
   Result: ❌ Wrong (actual: 1)

📊 Model Stats: v1, 43.14% accuracy, 102 predictions
⏳ Waiting 2 minutes before next learning cycle...


🔮 Starting learning cycle...

🎯 Game: 801763 vs 801760
   Prediction: 50.3% home win
   Confidence: 0.5%
💾 Model v1 saved
   Result: ❌ Wrong (actual: 0)

🎯 Game: 801771 vs 801781
   Prediction: 49.5% home win
   Confidence: 1.0%
💾 Model v1 saved
   Result: ❌ Wrong (actual: 1)

🎯 Game: 801821 vs 801762
   Prediction: 50.1% home win
   Confidence: 0.1%
💾 Model v1 saved
   Result: ❌ Wrong (actual: 0)

🎯 Game: 801789 vs 802413
   Prediction: 50.4% home win
   Confidence: 0.8%
💾 Model v1 saved
   Result: ✅ Correct (actual: 1)

🎯 Game: 801771 vs 802295
   Prediction: 50.7% home win
   Confidence: 1.4%
💾 Model v1 saved
   Result: ✅ Correct (actual: 1)

🎯 Game: 801754 vs 804341
   Prediction: 49.8% home win
   Confidence: 0.5%
💾 Model v1 saved
   Result: ✅ Correct (actual: 0)

🎯 Game: 801842 vs 801802
   Prediction: 50.3% home win
   Confidence: 0.7%
💾 Model v1 saved
   Result: ✅ Correct (actual: 1)

🎯 Game: 801802 vs 801817
   Prediction: 24.2% home win
   Confidence: 51.5%
💾 Model v1 saved
   Result: ❌ Wrong (actual: 1)

🎯 Game: 802274 vs 801796
   Prediction: 50.3% home win
   Confidence: 0.5%
💾 Model v1 saved
   Result: ❌ Wrong (actual: 0)

🎯 Game: 802295 vs 802021
   Prediction: 49.7% home win
   Confidence: 0.7%
💾 Model v1 saved
   Result: ❌ Wrong (actual: 1)

📊 Model Stats: v1, 42.86% accuracy, 112 predictions
⏳ Waiting 2 minutes before next learning cycle...


🔮 Starting learning cycle...

🎯 Game: 801763 vs 801760
   Prediction: 50.3% home win
   Confidence: 0.5%
💾 Model v1 saved
   Result: ❌ Wrong (actual: 0)

🎯 Game: 801771 vs 801781
   Prediction: 49.5% home win
   Confidence: 1.0%
💾 Model v1 saved
   Result: ❌ Wrong (actual: 1)

🎯 Game: 801821 vs 801762
   Prediction: 50.0% home win
   Confidence: 0.1%
💾 Model v1 saved
   Result: ❌ Wrong (actual: 0)

🎯 Game: 801789 vs 802413
   Prediction: 50.4% home win
   Confidence: 0.8%
💾 Model v1 saved
   Result: ✅ Correct (actual: 1)

🎯 Game: 801771 vs 802295
   Prediction: 50.7% home win
   Confidence: 1.4%
💾 Model v1 saved
   Result: ✅ Correct (actual: 1)

🎯 Game: 801754 vs 804341
   Prediction: 49.8% home win
   Confidence: 0.5%
💾 Model v1 saved
   Result: ✅ Correct (actual: 0)

🎯 Game: 801842 vs 801802
   Prediction: 50.3% home win
   Confidence: 0.7%
💾 Model v1 saved
   Result: ✅ Correct (actual: 1)

🎯 Game: 801802 vs 801817
   Prediction: 24.2% home win
   Confidence: 51.5%
💾 Model v1 saved
   Result: ❌ Wrong (actual: 1)

🎯 Game: 802274 vs 801796
   Prediction: 50.3% home win
   Confidence: 0.5%
💾 Model v1 saved
   Result: ❌ Wrong (actual: 0)

🎯 Game: 802295 vs 802021
   Prediction: 49.7% home win
   Confidence: 0.7%
💾 Model v1 saved
   Result: ❌ Wrong (actual: 1)

📊 Model Stats: v1, 42.62% accuracy, 122 predictions
⏳ Waiting 2 minutes before next learning cycle...


🔮 Starting learning cycle...

🎯 Game: 801763 vs 801760
   Prediction: 50.3% home win
   Confidence: 0.5%
💾 Model v1 saved
   Result: ❌ Wrong (actual: 0)

🎯 Game: 801771 vs 801781
   Prediction: 49.5% home win
   Confidence: 1.0%
💾 Model v1 saved
   Result: ❌ Wrong (actual: 1)

🎯 Game: 801821 vs 801762
   Prediction: 50.0% home win
   Confidence: 0.1%
💾 Model v1 saved
   Result: ❌ Wrong (actual: 0)

🎯 Game: 801789 vs 802413
   Prediction: 50.4% home win
   Confidence: 0.8%
💾 Model v1 saved
   Result: ✅ Correct (actual: 1)

🎯 Game: 801771 vs 802295
   Prediction: 50.7% home win
   Confidence: 1.4%
💾 Model v1 saved
   Result: ✅ Correct (actual: 1)

🎯 Game: 801754 vs 804341
   Prediction: 49.8% home win
   Confidence: 0.5%
💾 Model v1 saved
   Result: ✅ Correct (actual: 0)

🎯 Game: 801842 vs 801802
   Prediction: 50.3% home win
   Confidence: 0.7%
💾 Model v1 saved
   Result: ✅ Correct (actual: 1)

🎯 Game: 801802 vs 801817
   Prediction: 24.2% home win
   Confidence: 51.5%
💾 Model v1 saved
   Result: ❌ Wrong (actual: 1)

🎯 Game: 802274 vs 801796
   Prediction: 50.3% home win
   Confidence: 0.5%
💾 Model v1 saved
   Result: ❌ Wrong (actual: 0)

🎯 Game: 802295 vs 802021
   Prediction: 49.7% home win
   Confidence: 0.7%
💾 Model v1 saved
   Result: ❌ Wrong (actual: 1)

📊 Model Stats: v1, 42.42% accuracy, 132 predictions
⏳ Waiting 2 minutes before next learning cycle...


🔮 Starting learning cycle...

🎯 Game: 801763 vs 801760
   Prediction: 50.3% home win
   Confidence: 0.5%
💾 Model v1 saved
   Result: ❌ Wrong (actual: 0)

🎯 Game: 801771 vs 801781
   Prediction: 49.5% home win
   Confidence: 1.0%
💾 Model v1 saved
   Result: ❌ Wrong (actual: 1)

🎯 Game: 801821 vs 801762
   Prediction: 50.1% home win
   Confidence: 0.1%
💾 Model v1 saved
   Result: ❌ Wrong (actual: 0)

🎯 Game: 801789 vs 802413
   Prediction: 50.4% home win
   Confidence: 0.8%
💾 Model v1 saved
   Result: ✅ Correct (actual: 1)

🎯 Game: 801771 vs 802295
   Prediction: 50.7% home win
   Confidence: 1.4%
💾 Model v1 saved
   Result: ✅ Correct (actual: 1)

🎯 Game: 801754 vs 804341
   Prediction: 49.8% home win
   Confidence: 0.5%
💾 Model v1 saved
   Result: ✅ Correct (actual: 0)

🎯 Game: 801842 vs 801802
   Prediction: 50.3% home win
   Confidence: 0.7%
💾 Model v1 saved
   Result: ✅ Correct (actual: 1)

🎯 Game: 801802 vs 801817
   Prediction: 24.2% home win
   Confidence: 51.5%
💾 Model v1 saved
   Result: ❌ Wrong (actual: 1)

🎯 Game: 802274 vs 801796
   Prediction: 50.3% home win
   Confidence: 0.5%
💾 Model v1 saved
   Result: ❌ Wrong (actual: 0)

🎯 Game: 802295 vs 802021
   Prediction: 49.7% home win
   Confidence: 0.7%
💾 Model v1 saved
   Result: ❌ Wrong (actual: 1)

📊 Model Stats: v1, 42.25% accuracy, 142 predictions
⏳ Waiting 2 minutes before next learning cycle...


🔮 Starting learning cycle...

🎯 Game: 801763 vs 801760
   Prediction: 50.3% home win
   Confidence: 0.5%
💾 Model v1 saved
   Result: ❌ Wrong (actual: 0)

🎯 Game: 801771 vs 801781
   Prediction: 49.5% home win
   Confidence: 1.0%
💾 Model v1 saved
   Result: ❌ Wrong (actual: 1)

🎯 Game: 801821 vs 801762
   Prediction: 50.1% home win
   Confidence: 0.1%
💾 Model v1 saved
   Result: ❌ Wrong (actual: 0)

🎯 Game: 801789 vs 802413
   Prediction: 50.4% home win
   Confidence: 0.8%
💾 Model v1 saved
   Result: ✅ Correct (actual: 1)

🎯 Game: 801771 vs 802295
   Prediction: 50.7% home win
   Confidence: 1.4%
💾 Model v1 saved
   Result: ✅ Correct (actual: 1)

🎯 Game: 801754 vs 804341
   Prediction: 49.8% home win
   Confidence: 0.5%
💾 Model v1 saved
   Result: ✅ Correct (actual: 0)

🎯 Game: 801842 vs 801802
   Prediction: 50.3% home win
   Confidence: 0.7%
💾 Model v1 saved
   Result: ✅ Correct (actual: 1)

🎯 Game: 801802 vs 801817
   Prediction: 24.2% home win
   Confidence: 51.5%
💾 Model v1 saved
   Result: ❌ Wrong (actual: 1)

🎯 Game: 802274 vs 801796
   Prediction: 50.3% home win
   Confidence: 0.5%
💾 Model v1 saved
   Result: ❌ Wrong (actual: 0)

🎯 Game: 802295 vs 802021
   Prediction: 49.7% home win
   Confidence: 0.7%
💾 Model v1 saved
   Result: ❌ Wrong (actual: 1)

📊 Model Stats: v1, 42.11% accuracy, 152 predictions
⏳ Waiting 2 minutes before next learning cycle...


🔮 Starting learning cycle...

🎯 Game: 801763 vs 801760
   Prediction: 50.3% home win
   Confidence: 0.5%
💾 Model v1 saved
   Result: ❌ Wrong (actual: 0)

🎯 Game: 801771 vs 801781
   Prediction: 49.5% home win
   Confidence: 1.0%
💾 Model v1 saved
   Result: ❌ Wrong (actual: 1)

🎯 Game: 801821 vs 801762
   Prediction: 50.0% home win
   Confidence: 0.1%
💾 Model v1 saved
   Result: ❌ Wrong (actual: 0)

🎯 Game: 801789 vs 802413
   Prediction: 50.4% home win
   Confidence: 0.8%
💾 Model v1 saved
   Result: ✅ Correct (actual: 1)

🎯 Game: 801771 vs 802295
   Prediction: 50.7% home win
   Confidence: 1.4%
💾 Model v1 saved
   Result: ✅ Correct (actual: 1)

🎯 Game: 801754 vs 804341
   Prediction: 49.8% home win
   Confidence: 0.5%
💾 Model v1 saved
   Result: ✅ Correct (actual: 0)

🎯 Game: 801842 vs 801802
   Prediction: 50.3% home win
   Confidence: 0.7%
💾 Model v1 saved
   Result: ✅ Correct (actual: 1)

🎯 Game: 801802 vs 801817
   Prediction: 24.2% home win
   Confidence: 51.5%
💾 Model v1 saved
   Result: ❌ Wrong (actual: 1)

🎯 Game: 802274 vs 801796
   Prediction: 50.3% home win
   Confidence: 0.5%
💾 Model v1 saved
   Result: ❌ Wrong (actual: 0)

🎯 Game: 802295 vs 802021
   Prediction: 49.7% home win
   Confidence: 0.7%
💾 Model v1 saved
   Result: ❌ Wrong (actual: 1)

📊 Model Stats: v1, 41.98% accuracy, 162 predictions
⏳ Waiting 2 minutes before next learning cycle...


🔮 Starting learning cycle...

🎯 Game: 801763 vs 801760
   Prediction: 50.3% home win
   Confidence: 0.5%
💾 Model v1 saved
   Result: ❌ Wrong (actual: 0)

🎯 Game: 801771 vs 801781
   Prediction: 49.5% home win
   Confidence: 1.0%
💾 Model v1 saved
   Result: ❌ Wrong (actual: 1)

🎯 Game: 801821 vs 801762
   Prediction: 50.0% home win
   Confidence: 0.1%
💾 Model v1 saved
   Result: ❌ Wrong (actual: 0)

🎯 Game: 801789 vs 802413
   Prediction: 50.4% home win
   Confidence: 0.8%
💾 Model v1 saved
   Result: ✅ Correct (actual: 1)

🎯 Game: 801771 vs 802295
   Prediction: 50.7% home win
   Confidence: 1.4%
💾 Model v1 saved
   Result: ✅ Correct (actual: 1)

🎯 Game: 801754 vs 804341
   Prediction: 49.8% home win
   Confidence: 0.5%
💾 Model v1 saved
   Result: ✅ Correct (actual: 0)

🎯 Game: 801842 vs 801802
   Prediction: 50.3% home win
   Confidence: 0.7%
💾 Model v1 saved
   Result: ✅ Correct (actual: 1)

🎯 Game: 801802 vs 801817
   Prediction: 24.2% home win
   Confidence: 51.5%
💾 Model v1 saved
   Result: ❌ Wrong (actual: 1)

🎯 Game: 802274 vs 801796
   Prediction: 50.3% home win
   Confidence: 0.5%
💾 Model v1 saved
   Result: ❌ Wrong (actual: 0)

🎯 Game: 802295 vs 802021
   Prediction: 49.7% home win
   Confidence: 0.7%
💾 Model v1 saved
   Result: ❌ Wrong (actual: 1)

📊 Model Stats: v1, 41.86% accuracy, 172 predictions
⏳ Waiting 2 minutes before next learning cycle...


🔮 Starting learning cycle...

🎯 Game: 801763 vs 801760
   Prediction: 50.3% home win
   Confidence: 0.5%
💾 Model v1 saved
   Result: ❌ Wrong (actual: 0)

🎯 Game: 801771 vs 801781
   Prediction: 49.5% home win
   Confidence: 1.0%
💾 Model v1 saved
   Result: ❌ Wrong (actual: 1)

🎯 Game: 801821 vs 801762
   Prediction: 50.1% home win
   Confidence: 0.1%
💾 Model v1 saved
   Result: ❌ Wrong (actual: 0)

🎯 Game: 801789 vs 802413
   Prediction: 50.4% home win
   Confidence: 0.8%
💾 Model v1 saved
   Result: ✅ Correct (actual: 1)

🎯 Game: 801771 vs 802295
   Prediction: 50.7% home win
   Confidence: 1.4%
💾 Model v1 saved
   Result: ✅ Correct (actual: 1)

🎯 Game: 801754 vs 804341
   Prediction: 49.8% home win
   Confidence: 0.5%
💾 Model v1 saved
   Result: ✅ Correct (actual: 0)

🎯 Game: 801842 vs 801802
   Prediction: 50.3% home win
   Confidence: 0.7%
💾 Model v1 saved
   Result: ✅ Correct (actual: 1)

🎯 Game: 801802 vs 801817
   Prediction: 24.2% home win
   Confidence: 51.5%
💾 Model v1 saved
   Result: ❌ Wrong (actual: 1)

🎯 Game: 802274 vs 801796
   Prediction: 50.3% home win
   Confidence: 0.5%
💾 Model v1 saved
   Result: ❌ Wrong (actual: 0)

🎯 Game: 802295 vs 802021
   Prediction: 49.7% home win
   Confidence: 0.7%
💾 Model v1 saved
   Result: ❌ Wrong (actual: 1)

📊 Model Stats: v1, 41.76% accuracy, 182 predictions
⏳ Waiting 2 minutes before next learning cycle...


🔮 Starting learning cycle...

🎯 Game: 801763 vs 801760
   Prediction: 50.3% home win
   Confidence: 0.5%
💾 Model v1 saved
   Result: ❌ Wrong (actual: 0)

🎯 Game: 801771 vs 801781
   Prediction: 49.5% home win
   Confidence: 1.0%
💾 Model v1 saved
   Result: ❌ Wrong (actual: 1)

🎯 Game: 801821 vs 801762
   Prediction: 50.0% home win
   Confidence: 0.1%
💾 Model v1 saved
   Result: ❌ Wrong (actual: 0)

🎯 Game: 801789 vs 802413
   Prediction: 50.4% home win
   Confidence: 0.8%
💾 Model v1 saved
   Result: ✅ Correct (actual: 1)

🎯 Game: 801771 vs 802295
   Prediction: 50.7% home win
   Confidence: 1.4%
💾 Model v1 saved
   Result: ✅ Correct (actual: 1)

🎯 Game: 801754 vs 804341
   Prediction: 49.8% home win
   Confidence: 0.5%
💾 Model v1 saved
   Result: ✅ Correct (actual: 0)

🎯 Game: 801842 vs 801802
   Prediction: 50.3% home win
   Confidence: 0.7%
💾 Model v1 saved
   Result: ✅ Correct (actual: 1)

🎯 Game: 801802 vs 801817
   Prediction: 24.2% home win
   Confidence: 51.5%
💾 Model v1 saved
   Result: ❌ Wrong (actual: 1)

🎯 Game: 802274 vs 801796
   Prediction: 50.3% home win
   Confidence: 0.5%
💾 Model v1 saved
   Result: ❌ Wrong (actual: 0)

🎯 Game: 802295 vs 802021
   Prediction: 49.7% home win
   Confidence: 0.7%
💾 Model v1 saved
   Result: ❌ Wrong (actual: 1)

📊 Model Stats: v1, 41.67% accuracy, 192 predictions
⏳ Waiting 2 minutes before next learning cycle...


🔮 Starting learning cycle...

🎯 Game: 801763 vs 801760
   Prediction: 50.3% home win
   Confidence: 0.5%
💾 Model v1 saved
   Result: ❌ Wrong (actual: 0)

🎯 Game: 801771 vs 801781
   Prediction: 49.5% home win
   Confidence: 1.0%
💾 Model v1 saved
   Result: ❌ Wrong (actual: 1)

🎯 Game: 801821 vs 801762
   Prediction: 50.1% home win
   Confidence: 0.1%
💾 Model v1 saved
   Result: ❌ Wrong (actual: 0)

🎯 Game: 801789 vs 802413
   Prediction: 50.4% home win
   Confidence: 0.8%
💾 Model v1 saved
   Result: ✅ Correct (actual: 1)

🎯 Game: 801771 vs 802295
   Prediction: 50.7% home win
   Confidence: 1.4%
💾 Model v1 saved
   Result: ✅ Correct (actual: 1)

🎯 Game: 801754 vs 804341
   Prediction: 49.8% home win
   Confidence: 0.5%
💾 Model v1 saved
   Result: ✅ Correct (actual: 0)

🎯 Game: 801842 vs 801802
   Prediction: 50.3% home win
   Confidence: 0.7%
💾 Model v1 saved
   Result: ✅ Correct (actual: 1)

🎯 Game: 801802 vs 801817
   Prediction: 24.2% home win
   Confidence: 51.5%
💾 Model v1 saved
   Result: ❌ Wrong (actual: 1)

🎯 Game: 802274 vs 801796
   Prediction: 50.3% home win
   Confidence: 0.5%
💾 Model v1 saved
   Result: ❌ Wrong (actual: 0)

🎯 Game: 802295 vs 802021
   Prediction: 49.7% home win
   Confidence: 0.7%
💾 Model v1 saved
   Result: ❌ Wrong (actual: 1)

📊 Model Stats: v1, 41.58% accuracy, 202 predictions
⏳ Waiting 2 minutes before next learning cycle...


🔮 Starting learning cycle...

🎯 Game: 801763 vs 801760
   Prediction: 50.3% home win
   Confidence: 0.5%
💾 Model v1 saved
   Result: ❌ Wrong (actual: 0)

🎯 Game: 801771 vs 801781
   Prediction: 49.5% home win
   Confidence: 1.0%
💾 Model v1 saved
   Result: ❌ Wrong (actual: 1)

🎯 Game: 801821 vs 801762
   Prediction: 50.0% home win
   Confidence: 0.1%
💾 Model v1 saved
   Result: ❌ Wrong (actual: 0)

🎯 Game: 801789 vs 802413
   Prediction: 50.4% home win
   Confidence: 0.8%
💾 Model v1 saved
   Result: ✅ Correct (actual: 1)

🎯 Game: 801771 vs 802295
   Prediction: 50.7% home win
   Confidence: 1.4%
💾 Model v1 saved
   Result: ✅ Correct (actual: 1)

🎯 Game: 801754 vs 804341
   Prediction: 49.8% home win
   Confidence: 0.5%
💾 Model v1 saved
   Result: ✅ Correct (actual: 0)

🎯 Game: 801842 vs 801802
   Prediction: 50.3% home win
   Confidence: 0.7%
💾 Model v1 saved
   Result: ✅ Correct (actual: 1)

🎯 Game: 801802 vs 801817
   Prediction: 24.2% home win
   Confidence: 51.5%
💾 Model v1 saved
   Result: ❌ Wrong (actual: 1)

🎯 Game: 802274 vs 801796
   Prediction: 50.3% home win
   Confidence: 0.5%
💾 Model v1 saved
   Result: ❌ Wrong (actual: 0)

🎯 Game: 802295 vs 802021
   Prediction: 49.7% home win
   Confidence: 0.7%
💾 Model v1 saved
   Result: ❌ Wrong (actual: 1)

📊 Model Stats: v1, 41.51% accuracy, 212 predictions
⏳ Waiting 2 minutes before next learning cycle...


🔮 Starting learning cycle...

🎯 Game: 801763 vs 801760
   Prediction: 50.3% home win
   Confidence: 0.5%
💾 Model v1 saved
   Result: ❌ Wrong (actual: 0)

🎯 Game: 801771 vs 801781
   Prediction: 49.5% home win
   Confidence: 1.0%
💾 Model v1 saved
   Result: ❌ Wrong (actual: 1)

🎯 Game: 801821 vs 801762
   Prediction: 50.0% home win
   Confidence: 0.1%
💾 Model v1 saved
   Result: ❌ Wrong (actual: 0)

🎯 Game: 801789 vs 802413
   Prediction: 50.4% home win
   Confidence: 0.8%
💾 Model v1 saved
   Result: ✅ Correct (actual: 1)

🎯 Game: 801771 vs 802295
   Prediction: 50.7% home win
   Confidence: 1.4%
💾 Model v1 saved
   Result: ✅ Correct (actual: 1)

🎯 Game: 801754 vs 804341
   Prediction: 49.8% home win
   Confidence: 0.5%
💾 Model v1 saved
   Result: ✅ Correct (actual: 0)

🎯 Game: 801842 vs 801802
   Prediction: 50.3% home win
   Confidence: 0.7%
💾 Model v1 saved
   Result: ✅ Correct (actual: 1)

🎯 Game: 801802 vs 801817
   Prediction: 24.2% home win
   Confidence: 51.5%
💾 Model v1 saved
   Result: ❌ Wrong (actual: 1)

🎯 Game: 802274 vs 801796
   Prediction: 50.3% home win
   Confidence: 0.5%
💾 Model v1 saved
   Result: ❌ Wrong (actual: 0)

🎯 Game: 802295 vs 802021
   Prediction: 49.7% home win
   Confidence: 0.7%
💾 Model v1 saved
   Result: ❌ Wrong (actual: 1)

📊 Model Stats: v1, 41.44% accuracy, 222 predictions
⏳ Waiting 2 minutes before next learning cycle...


🔮 Starting learning cycle...

🎯 Game: 801763 vs 801760
   Prediction: 50.3% home win
   Confidence: 0.5%
💾 Model v1 saved
   Result: ❌ Wrong (actual: 0)

🎯 Game: 801771 vs 801781
   Prediction: 49.5% home win
   Confidence: 1.0%
💾 Model v1 saved
   Result: ❌ Wrong (actual: 1)

🎯 Game: 801821 vs 801762
   Prediction: 50.1% home win
   Confidence: 0.1%
💾 Model v1 saved
   Result: ❌ Wrong (actual: 0)

🎯 Game: 801789 vs 802413
   Prediction: 50.4% home win
   Confidence: 0.8%
💾 Model v1 saved
   Result: ✅ Correct (actual: 1)

🎯 Game: 801771 vs 802295
   Prediction: 50.7% home win
   Confidence: 1.4%
💾 Model v1 saved
   Result: ✅ Correct (actual: 1)

🎯 Game: 801754 vs 804341
   Prediction: 49.8% home win
   Confidence: 0.5%
💾 Model v1 saved
   Result: ✅ Correct (actual: 0)

🎯 Game: 801842 vs 801802
   Prediction: 50.3% home win
   Confidence: 0.7%
💾 Model v1 saved
   Result: ✅ Correct (actual: 1)

🎯 Game: 801802 vs 801817
   Prediction: 24.2% home win
   Confidence: 51.5%
💾 Model v1 saved
   Result: ❌ Wrong (actual: 1)

🎯 Game: 802274 vs 801796
   Prediction: 50.3% home win
   Confidence: 0.5%
💾 Model v1 saved
   Result: ❌ Wrong (actual: 0)

🎯 Game: 802295 vs 802021
   Prediction: 49.7% home win
   Confidence: 0.7%
💾 Model v1 saved
   Result: ❌ Wrong (actual: 1)

📊 Model Stats: v1, 41.38% accuracy, 232 predictions
⏳ Waiting 2 minutes before next learning cycle...


🔮 Starting learning cycle...

🎯 Game: 801763 vs 801760
   Prediction: 50.3% home win
   Confidence: 0.5%
💾 Model v1 saved
   Result: ❌ Wrong (actual: 0)

🎯 Game: 801771 vs 801781
   Prediction: 49.5% home win
   Confidence: 1.0%
💾 Model v1 saved
   Result: ❌ Wrong (actual: 1)

🎯 Game: 801821 vs 801762
   Prediction: 50.1% home win
   Confidence: 0.1%
💾 Model v1 saved
   Result: ❌ Wrong (actual: 0)

🎯 Game: 801789 vs 802413
   Prediction: 50.4% home win
   Confidence: 0.8%
💾 Model v1 saved
   Result: ✅ Correct (actual: 1)

🎯 Game: 801771 vs 802295
   Prediction: 50.7% home win
   Confidence: 1.4%
💾 Model v1 saved
   Result: ✅ Correct (actual: 1)

🎯 Game: 801754 vs 804341
   Prediction: 49.8% home win
   Confidence: 0.4%
💾 Model v1 saved
   Result: ✅ Correct (actual: 0)

🎯 Game: 801842 vs 801802
   Prediction: 50.3% home win
   Confidence: 0.7%
💾 Model v1 saved
   Result: ✅ Correct (actual: 1)

🎯 Game: 801802 vs 801817
   Prediction: 24.2% home win
   Confidence: 51.5%
💾 Model v1 saved
   Result: ❌ Wrong (actual: 1)

🎯 Game: 802274 vs 801796
   Prediction: 50.3% home win
   Confidence: 0.5%
💾 Model v1 saved
   Result: ❌ Wrong (actual: 0)

🎯 Game: 802295 vs 802021
   Prediction: 49.7% home win
   Confidence: 0.7%
💾 Model v1 saved
   Result: ❌ Wrong (actual: 1)

📊 Model Stats: v1, 41.32% accuracy, 242 predictions
⏳ Waiting 2 minutes before next learning cycle...


🔮 Starting learning cycle...

🎯 Game: 801763 vs 801760
   Prediction: 50.3% home win
   Confidence: 0.5%
💾 Model v1 saved
   Result: ❌ Wrong (actual: 0)

🎯 Game: 801771 vs 801781
   Prediction: 49.5% home win
   Confidence: 1.0%
💾 Model v1 saved
   Result: ❌ Wrong (actual: 1)

🎯 Game: 801821 vs 801762
   Prediction: 50.0% home win
   Confidence: 0.1%
💾 Model v1 saved
   Result: ❌ Wrong (actual: 0)

🎯 Game: 801789 vs 802413
   Prediction: 50.4% home win
   Confidence: 0.8%
💾 Model v1 saved
   Result: ✅ Correct (actual: 1)

🎯 Game: 801771 vs 802295
   Prediction: 50.7% home win
   Confidence: 1.4%
💾 Model v1 saved
   Result: ✅ Correct (actual: 1)

🎯 Game: 801754 vs 804341
   Prediction: 49.8% home win
   Confidence: 0.5%
💾 Model v1 saved
   Result: ✅ Correct (actual: 0)

🎯 Game: 801842 vs 801802
   Prediction: 50.3% home win
   Confidence: 0.7%
💾 Model v1 saved
   Result: ✅ Correct (actual: 1)

🎯 Game: 801802 vs 801817
   Prediction: 24.2% home win
   Confidence: 51.5%
💾 Model v1 saved
   Result: ❌ Wrong (actual: 1)

🎯 Game: 802274 vs 801796
   Prediction: 50.3% home win
   Confidence: 0.5%
💾 Model v1 saved
   Result: ❌ Wrong (actual: 0)

🎯 Game: 802295 vs 802021
   Prediction: 49.7% home win
   Confidence: 0.7%
💾 Model v1 saved
   Result: ❌ Wrong (actual: 1)

📊 Model Stats: v1, 41.27% accuracy, 252 predictions
⏳ Waiting 2 minutes before next learning cycle...


🔮 Starting learning cycle...

🎯 Game: 801763 vs 801760
   Prediction: 50.3% home win
   Confidence: 0.5%
💾 Model v1 saved
   Result: ❌ Wrong (actual: 0)

🎯 Game: 801771 vs 801781
   Prediction: 49.5% home win
   Confidence: 1.0%
💾 Model v1 saved
   Result: ❌ Wrong (actual: 1)

🎯 Game: 801821 vs 801762
   Prediction: 50.0% home win
   Confidence: 0.1%
💾 Model v1 saved
   Result: ❌ Wrong (actual: 0)

🎯 Game: 801789 vs 802413
   Prediction: 50.4% home win
   Confidence: 0.8%
💾 Model v1 saved
   Result: ✅ Correct (actual: 1)

🎯 Game: 801771 vs 802295
   Prediction: 50.7% home win
   Confidence: 1.4%
💾 Model v1 saved
   Result: ✅ Correct (actual: 1)

🎯 Game: 801754 vs 804341
   Prediction: 49.8% home win
   Confidence: 0.5%
💾 Model v1 saved
   Result: ✅ Correct (actual: 0)

🎯 Game: 801842 vs 801802
   Prediction: 50.3% home win
   Confidence: 0.7%
💾 Model v1 saved
   Result: ✅ Correct (actual: 1)

🎯 Game: 801802 vs 801817
   Prediction: 24.2% home win
   Confidence: 51.5%
💾 Model v1 saved
   Result: ❌ Wrong (actual: 1)

🎯 Game: 802274 vs 801796
   Prediction: 50.3% home win
   Confidence: 0.5%
💾 Model v1 saved
   Result: ❌ Wrong (actual: 0)

🎯 Game: 802295 vs 802021
   Prediction: 49.7% home win
   Confidence: 0.7%
💾 Model v1 saved
   Result: ❌ Wrong (actual: 1)

📊 Model Stats: v1, 41.22% accuracy, 262 predictions
⏳ Waiting 2 minutes before next learning cycle...


🔮 Starting learning cycle...

🎯 Game: 801763 vs 801760
   Prediction: 50.3% home win
   Confidence: 0.5%
💾 Model v1 saved
   Result: ❌ Wrong (actual: 0)

🎯 Game: 801771 vs 801781
   Prediction: 49.5% home win
   Confidence: 1.0%
💾 Model v1 saved
   Result: ❌ Wrong (actual: 1)

🎯 Game: 801821 vs 801762
   Prediction: 50.1% home win
   Confidence: 0.1%
💾 Model v1 saved
   Result: ❌ Wrong (actual: 0)

🎯 Game: 801789 vs 802413
   Prediction: 50.4% home win
   Confidence: 0.8%
💾 Model v1 saved
   Result: ✅ Correct (actual: 1)

🎯 Game: 801771 vs 802295
   Prediction: 50.7% home win
   Confidence: 1.4%
💾 Model v1 saved
   Result: ✅ Correct (actual: 1)

🎯 Game: 801754 vs 804341
   Prediction: 49.8% home win
   Confidence: 0.5%
💾 Model v1 saved
   Result: ✅ Correct (actual: 0)

🎯 Game: 801842 vs 801802
   Prediction: 50.3% home win
   Confidence: 0.7%
💾 Model v1 saved
   Result: ✅ Correct (actual: 1)

🎯 Game: 801802 vs 801817
   Prediction: 24.2% home win
   Confidence: 51.5%
💾 Model v1 saved
   Result: ❌ Wrong (actual: 1)

🎯 Game: 802274 vs 801796
   Prediction: 50.3% home win
   Confidence: 0.5%
💾 Model v1 saved
   Result: ❌ Wrong (actual: 0)

🎯 Game: 802295 vs 802021
   Prediction: 49.7% home win
   Confidence: 0.7%
💾 Model v1 saved
   Result: ❌ Wrong (actual: 1)

📊 Model Stats: v1, 41.18% accuracy, 272 predictions
⏳ Waiting 2 minutes before next learning cycle...


🔮 Starting learning cycle...

🎯 Game: 801763 vs 801760
   Prediction: 50.3% home win
   Confidence: 0.5%
💾 Model v1 saved
   Result: ❌ Wrong (actual: 0)

🎯 Game: 801771 vs 801781
   Prediction: 49.5% home win
   Confidence: 1.0%
💾 Model v1 saved
   Result: ❌ Wrong (actual: 1)

🎯 Game: 801821 vs 801762
   Prediction: 50.0% home win
   Confidence: 0.1%
💾 Model v1 saved
   Result: ❌ Wrong (actual: 0)

🎯 Game: 801789 vs 802413
   Prediction: 50.4% home win
   Confidence: 0.8%
💾 Model v1 saved
   Result: ✅ Correct (actual: 1)

🎯 Game: 801771 vs 802295
   Prediction: 50.7% home win
   Confidence: 1.4%
💾 Model v1 saved
   Result: ✅ Correct (actual: 1)

🎯 Game: 801754 vs 804341
   Prediction: 49.8% home win
   Confidence: 0.5%
💾 Model v1 saved
   Result: ✅ Correct (actual: 0)

🎯 Game: 801842 vs 801802
   Prediction: 50.3% home win
   Confidence: 0.7%
💾 Model v1 saved
   Result: ✅ Correct (actual: 1)

🎯 Game: 801802 vs 801817
   Prediction: 24.2% home win
   Confidence: 51.5%
💾 Model v1 saved
   Result: ❌ Wrong (actual: 1)

🎯 Game: 802274 vs 801796
   Prediction: 50.3% home win
   Confidence: 0.5%
💾 Model v1 saved
   Result: ❌ Wrong (actual: 0)

🎯 Game: 802295 vs 802021
   Prediction: 49.7% home win
   Confidence: 0.7%
💾 Model v1 saved
   Result: ❌ Wrong (actual: 1)

📊 Model Stats: v1, 41.13% accuracy, 282 predictions
⏳ Waiting 2 minutes before next learning cycle...


🔮 Starting learning cycle...

🎯 Game: 801763 vs 801760
   Prediction: 50.3% home win
   Confidence: 0.5%
💾 Model v1 saved
   Result: ❌ Wrong (actual: 0)

🎯 Game: 801771 vs 801781
   Prediction: 49.5% home win
   Confidence: 1.0%
💾 Model v1 saved
   Result: ❌ Wrong (actual: 1)

🎯 Game: 801821 vs 801762
   Prediction: 50.1% home win
   Confidence: 0.1%
💾 Model v1 saved
   Result: ❌ Wrong (actual: 0)

🎯 Game: 801789 vs 802413
   Prediction: 50.4% home win
   Confidence: 0.8%
💾 Model v1 saved
   Result: ✅ Correct (actual: 1)

🎯 Game: 801771 vs 802295
   Prediction: 50.7% home win
   Confidence: 1.4%
💾 Model v1 saved
   Result: ✅ Correct (actual: 1)

🎯 Game: 801754 vs 804341
   Prediction: 49.8% home win
   Confidence: 0.5%
💾 Model v1 saved
   Result: ✅ Correct (actual: 0)

🎯 Game: 801842 vs 801802
   Prediction: 50.3% home win
   Confidence: 0.7%
💾 Model v1 saved
   Result: ✅ Correct (actual: 1)

🎯 Game: 801802 vs 801817
   Prediction: 24.2% home win
   Confidence: 51.5%
💾 Model v1 saved
   Result: ❌ Wrong (actual: 1)

🎯 Game: 802274 vs 801796
   Prediction: 50.3% home win
   Confidence: 0.5%
💾 Model v1 saved
   Result: ❌ Wrong (actual: 0)

🎯 Game: 802295 vs 802021
   Prediction: 49.7% home win
   Confidence: 0.7%
💾 Model v1 saved
   Result: ❌ Wrong (actual: 1)

📊 Model Stats: v1, 41.10% accuracy, 292 predictions
⏳ Waiting 2 minutes before next learning cycle...


🔮 Starting learning cycle...

🎯 Game: 801763 vs 801760
   Prediction: 50.3% home win
   Confidence: 0.5%
💾 Model v1 saved
   Result: ❌ Wrong (actual: 0)

🎯 Game: 801771 vs 801781
   Prediction: 49.5% home win
   Confidence: 1.0%
💾 Model v1 saved
   Result: ❌ Wrong (actual: 1)

🎯 Game: 801821 vs 801762
   Prediction: 50.0% home win
   Confidence: 0.1%
💾 Model v1 saved
   Result: ❌ Wrong (actual: 0)

🎯 Game: 801789 vs 802413
   Prediction: 50.4% home win
   Confidence: 0.8%
💾 Model v1 saved
   Result: ✅ Correct (actual: 1)

🎯 Game: 801771 vs 802295
   Prediction: 50.7% home win
   Confidence: 1.4%
💾 Model v1 saved
   Result: ✅ Correct (actual: 1)

🎯 Game: 801754 vs 804341
   Prediction: 49.8% home win
   Confidence: 0.5%
💾 Model v1 saved
   Result: ✅ Correct (actual: 0)

🎯 Game: 801842 vs 801802
   Prediction: 50.3% home win
   Confidence: 0.7%
💾 Model v1 saved
   Result: ✅ Correct (actual: 1)

🎯 Game: 801802 vs 801817
   Prediction: 24.2% home win
   Confidence: 51.5%
💾 Model v1 saved
   Result: ❌ Wrong (actual: 1)

🎯 Game: 802274 vs 801796
   Prediction: 50.3% home win
   Confidence: 0.5%
💾 Model v1 saved
   Result: ❌ Wrong (actual: 0)

🎯 Game: 802295 vs 802021
   Prediction: 49.7% home win
   Confidence: 0.7%
💾 Model v1 saved
   Result: ❌ Wrong (actual: 1)

📊 Model Stats: v1, 41.06% accuracy, 302 predictions
⏳ Waiting 2 minutes before next learning cycle...


🔮 Starting learning cycle...

🎯 Game: 801763 vs 801760
   Prediction: 50.3% home win
   Confidence: 0.5%
💾 Model v1 saved
   Result: ❌ Wrong (actual: 0)

🎯 Game: 801771 vs 801781
   Prediction: 49.5% home win
   Confidence: 1.0%
💾 Model v1 saved
   Result: ❌ Wrong (actual: 1)

🎯 Game: 801821 vs 801762
   Prediction: 50.1% home win
   Confidence: 0.1%
💾 Model v1 saved
   Result: ❌ Wrong (actual: 0)

🎯 Game: 801789 vs 802413
   Prediction: 50.4% home win
   Confidence: 0.8%
💾 Model v1 saved
   Result: ✅ Correct (actual: 1)

🎯 Game: 801771 vs 802295
   Prediction: 50.7% home win
   Confidence: 1.4%
💾 Model v1 saved
   Result: ✅ Correct (actual: 1)

🎯 Game: 801754 vs 804341
   Prediction: 49.8% home win
   Confidence: 0.5%
💾 Model v1 saved
   Result: ✅ Correct (actual: 0)

🎯 Game: 801842 vs 801802
   Prediction: 50.3% home win
   Confidence: 0.7%
💾 Model v1 saved
   Result: ✅ Correct (actual: 1)

🎯 Game: 801802 vs 801817
   Prediction: 24.2% home win
   Confidence: 51.5%
💾 Model v1 saved
   Result: ❌ Wrong (actual: 1)

🎯 Game: 802274 vs 801796
   Prediction: 50.3% home win
   Confidence: 0.5%
💾 Model v1 saved
   Result: ❌ Wrong (actual: 0)

🎯 Game: 802295 vs 802021
   Prediction: 49.7% home win
   Confidence: 0.7%
💾 Model v1 saved
   Result: ❌ Wrong (actual: 1)

📊 Model Stats: v1, 41.03% accuracy, 312 predictions
⏳ Waiting 2 minutes before next learning cycle...


🔮 Starting learning cycle...

🎯 Game: 801763 vs 801760
   Prediction: 50.3% home win
   Confidence: 0.5%
💾 Model v1 saved
   Result: ❌ Wrong (actual: 0)

🎯 Game: 801771 vs 801781
   Prediction: 49.5% home win
   Confidence: 1.0%
💾 Model v1 saved
   Result: ❌ Wrong (actual: 1)

🎯 Game: 801821 vs 801762
   Prediction: 50.1% home win
   Confidence: 0.1%
💾 Model v1 saved
   Result: ❌ Wrong (actual: 0)

🎯 Game: 801789 vs 802413
   Prediction: 50.4% home win
   Confidence: 0.8%
💾 Model v1 saved
   Result: ✅ Correct (actual: 1)

🎯 Game: 801771 vs 802295
   Prediction: 50.7% home win
   Confidence: 1.4%
💾 Model v1 saved
   Result: ✅ Correct (actual: 1)

🎯 Game: 801754 vs 804341
   Prediction: 49.8% home win
   Confidence: 0.5%
💾 Model v1 saved
   Result: ✅ Correct (actual: 0)

🎯 Game: 801842 vs 801802
   Prediction: 50.3% home win
   Confidence: 0.7%
💾 Model v1 saved
   Result: ✅ Correct (actual: 1)

🎯 Game: 801802 vs 801817
   Prediction: 24.2% home win
   Confidence: 51.5%
💾 Model v1 saved
   Result: ❌ Wrong (actual: 1)

🎯 Game: 802274 vs 801796
   Prediction: 50.3% home win
   Confidence: 0.5%
💾 Model v1 saved
   Result: ❌ Wrong (actual: 0)

🎯 Game: 802295 vs 802021
   Prediction: 49.7% home win
   Confidence: 0.7%
💾 Model v1 saved
   Result: ❌ Wrong (actual: 1)

📊 Model Stats: v1, 40.99% accuracy, 322 predictions
⏳ Waiting 2 minutes before next learning cycle...


🔮 Starting learning cycle...

🎯 Game: 801763 vs 801760
   Prediction: 50.3% home win
   Confidence: 0.5%
💾 Model v1 saved
   Result: ❌ Wrong (actual: 0)

🎯 Game: 801771 vs 801781
   Prediction: 49.5% home win
   Confidence: 1.0%
💾 Model v1 saved
   Result: ❌ Wrong (actual: 1)

🎯 Game: 801821 vs 801762
   Prediction: 50.0% home win
   Confidence: 0.1%
💾 Model v1 saved
   Result: ❌ Wrong (actual: 0)

🎯 Game: 801789 vs 802413
   Prediction: 50.4% home win
   Confidence: 0.8%
💾 Model v1 saved
   Result: ✅ Correct (actual: 1)

🎯 Game: 801771 vs 802295
   Prediction: 50.7% home win
   Confidence: 1.4%
💾 Model v1 saved
   Result: ✅ Correct (actual: 1)

🎯 Game: 801754 vs 804341
   Prediction: 49.8% home win
   Confidence: 0.5%
💾 Model v1 saved
   Result: ✅ Correct (actual: 0)

🎯 Game: 801842 vs 801802
   Prediction: 50.3% home win
   Confidence: 0.7%
💾 Model v1 saved
   Result: ✅ Correct (actual: 1)

🎯 Game: 801802 vs 801817
   Prediction: 24.2% home win
   Confidence: 51.5%
💾 Model v1 saved
   Result: ❌ Wrong (actual: 1)

🎯 Game: 802274 vs 801796
   Prediction: 50.3% home win
   Confidence: 0.5%
💾 Model v1 saved
   Result: ❌ Wrong (actual: 0)

🎯 Game: 802295 vs 802021
   Prediction: 49.7% home win
   Confidence: 0.7%
💾 Model v1 saved
   Result: ❌ Wrong (actual: 1)

📊 Model Stats: v1, 40.96% accuracy, 332 predictions
⏳ Waiting 2 minutes before next learning cycle...

