
🔥 BEAST MODE COLLECTION ENGINE 🔥
  CPU: 12 threads available
  Workers: 12 parallel workers
  API Concurrency: 200 calls
  Batch Size: 10,000 records


🔥🔥🔥 ULTIMATE STATS COLLECTOR - ULTRA SPEED MODE! 🔥🔥🔥

🎯 TARGET: 110,434 games → 2-3 MILLION player stats
⚡ CPU: 12 threads (ALL CORES UNLEASHED)
⚡ API Concurrency: 1000 simultaneous calls
⚡ Expected time: 5-10 minutes for COMPLETE collection

📊 ANALYZING GAMES NEEDING STATS...

✅ Database connected via IPv4: 2025-07-22T06:10:59.478Z
Sport     | Total Games | Have Stats | Need Stats
----------|-------------|------------|------------
MILB_ROOKIE |       21625 |          0 |      21625
MILB_ROOKIE_ADV |       12871 |          0 |      12871
MLB       |       12567 |          0 |      12567
MILB_AAA  |        8621 |          0 |       8621
MILB_AA   |        7996 |          0 |       7996
MILB_A_HIGH |        7291 |          0 |       7291
NBA       |        6600 |          0 |       6600
NHL       |        6591 |          0 |       6591
NCAA_BASEBALL |        6344 |          0 |       6344
MILB_INDEPENDENT |        5309 |          0 |       5309
MILB_A    |        4629 |          0 |       4629
NCAAB     |        2931 |          0 |       2931
NCAA_HOCKEY |        2321 |          0 |       2321
NCAAF     |        2129 |          0 |       2129
NFL       |        1408 |          0 |       1408
MILB_A+   |        1201 |          0 |       1201

🎯 TOTAL GAMES NEEDING STATS: 110,434


📊 STARTING STATS COLLECTION BY SPORT...


🏈 COLLECTING NFL STATS...

Found 1408 NFL games needing stats
